gAAAAABmL2-dnrFcxoCBlxGrpZRh0Y0sO6M7kmWYucXb2HsqEk4TCgjWOP57tNPJql1iitVSQuc-0yzOnkEnL-DtOjqAOR98xfbEn90egaEdsBUXKNwndQk6oW8Ss1KEFh2WzkHoCc5jJGD4iJVGTJWv-GbW7ZtguA==