gAAAAABmL4AjN1nK4Gaj6dVZuAC6NfdyZxxO97LRCgICKwqID-NmjEUNKRsma4Pg_fudF-WGuDCMJ5Ms15yuPI5YHb4MbHFVjMV7jki2-Czzjycpv8Y0KU4kJrftYU9KeRRW3yBF4rMk