gAAAAABmFvgE45ipTPmNIzlvmbDh49Nw4QEno9yF5TJ4BYnC16_CJIL61D2Cf8rqPERt9nEnpYczSHW5dIoERnHUPWpZAc2S26p0JRlPSkKwICoSJK5FSWU6TGAVd5MZIzWJYOPfpZyb