gAAAAABmL2-dXnmR18LC8SY0I_GNgh9v19C3BBJjaBr1xJwA5bz9kSppO1PmZniOfhe0pn7Svl4kX640y1--0A0UF9VZ5LPdSIW3M0NIl3AyLguvrcgXKQuxuDnnVlKBIwdH3WvPM0Y_