gAAAAABmL2-d-f-JC2vkhYFa0ToMfx3Rd6Ij8oatJ7rCb6UWowcBLP76mQbSRrQck-jiUnjTZH_kDApcvjtN6paNbXw7ii5_N_aUYD5Wme-6moKECtqfXRDRZkH8-PuY0-dAFO8pIEb5