gAAAAABmFvgEMBFCyB0WHCrxeuqW0PIh05NY9yOTp5rIhvfEvV8zKxlfnpAGnnyTkvjNBaZxtf6hNli-ykAgtix4iMaIwmtBngs5e8kPqVWYz-3Bd1Y3k3ROzHRdOS7EA_dgErPHjNnI